08:51:50  ============================================================
08:51:50  Phase 1 — UNet Segmentation
08:51:50  W&B run  : None
08:51:50  Device   : cuda:2  |  AMP: True
08:51:50  ============================================================
08:51:52  Train: 240 cases | Val: 60 cases
08:51:57  Model compiled with torch.compile()
08:51:57  Trainable params: 12,944,676
08:51:57  
============================================================
Epoch 1/100  LR: 1.00e-04
08:53:17  Note: detected 192 virtual cores but NumExpr set to maximum of 64, check "NUMEXPR_MAX_THREADS" environment variable.
08:53:17  Note: NumExpr detected 192 cores but "NUMEXPR_MAX_THREADS" not set, so enforcing safe limit of 16.
08:53:17  NumExpr defaulting to 16 threads.
08:56:13    Train → Loss: 0.8610  CE: 1.0299  DiceLoss: 0.8422  Kidney: 0.1439  Tumour: 0.0237  Cyst: 0.0001  Mean: 0.0559
08:56:13    Train Debug → max_bg_prob: 0.9522  |  max_fg_prob: 1.0000
08:56:13    Train Debug → soft_dice_per_class: c0: 0.5061  c1: 0.1033  c2: 0.0113  c3: 0.0003
08:56:13    Train Debug → avg intersect  : c0: 349130.91  c1: 13434.28  c2: 1512.74  c3: 33.62
08:56:13    Train Debug → avg cardinality: c0: 1376781.20  c1: 254667.55  c2: 239950.88  c3: 225752.38
08:56:13    Val   → Kidney: 0.0868  Tumour: 0.0189  Cyst: 0.0000  Mean: 0.0352
08:56:15    ✓ Best model saved (val_mean_dice=0.0352)
08:56:15  
============================================================
Epoch 2/100  LR: 1.00e-04
08:59:34    Train → Loss: 0.8273  CE: 0.8735  DiceLoss: 0.8222  Kidney: 0.2027  Tumour: 0.0357  Cyst: 0.0917  Mean: 0.1100
08:59:34    Train Debug → max_bg_prob: 0.8748  |  max_fg_prob: 1.0000
08:59:34    Train Debug → soft_dice_per_class: c0: 0.5863  c1: 0.1213  c2: 0.0148  c3: 0.0004
08:59:34    Train Debug → avg intersect  : c0: 426676.33  c1: 13357.04  c2: 1934.13  c3: 43.78
08:59:34    Train Debug → avg cardinality: c0: 1455174.58  c1: 211724.78  c2: 225946.24  c3: 204306.40
08:59:34    Val   → Kidney: 0.1309  Tumour: 0.0202  Cyst: 0.0333  Mean: 0.0615
08:59:35    ✓ Best model saved (val_mean_dice=0.0615)
08:59:35  
============================================================
Epoch 3/100  LR: 9.99e-05
09:02:53    Train → Loss: 0.8105  CE: 0.7613  DiceLoss: 0.8160  Kidney: 0.2487  Tumour: 0.0500  Cyst: 0.5500  Mean: 0.2829
09:02:53    Train Debug → max_bg_prob: 0.8053  |  max_fg_prob: 1.0000
09:02:53    Train Debug → soft_dice_per_class: c0: 0.6211  c1: 0.1562  c2: 0.0201  c3: 0.0002
09:02:53    Train Debug → avg intersect  : c0: 462219.21  c1: 15497.29  c2: 2568.05  c3: 22.23
09:02:53    Train Debug → avg cardinality: c0: 1488382.40  c1: 191534.94  c2: 221706.75  c3: 195527.91
09:02:53    Val   → Kidney: 0.1272  Tumour: 0.0199  Cyst: 0.1000  Mean: 0.0824
09:02:55    ✓ Best model saved (val_mean_dice=0.0824)
09:02:55  
============================================================
Epoch 4/100  LR: 9.98e-05
09:06:24    Train → Loss: 0.7996  CE: 0.7279  DiceLoss: 0.8076  Kidney: 0.2726  Tumour: 0.0618  Cyst: 0.4958  Mean: 0.2767
09:06:24    Train Debug → max_bg_prob: 0.7985  |  max_fg_prob: 1.0000
09:06:24    Train Debug → soft_dice_per_class: c0: 0.6408  c1: 0.1670  c2: 0.0220  c3: 0.0003
09:06:24    Train Debug → avg intersect  : c0: 484216.14  c1: 14991.81  c2: 2712.06  c3: 25.31
09:06:24    Train Debug → avg cardinality: c0: 1511278.60  c1: 171596.21  c2: 218781.59  c3: 195495.60
09:06:24    Val   → Kidney: 0.1594  Tumour: 0.0200  Cyst: 0.4500  Mean: 0.2098
09:06:25    ✓ Best model saved (val_mean_dice=0.2098)
09:06:25  
============================================================
Epoch 5/100  LR: 9.96e-05
09:09:57    Train → Loss: 0.7775  CE: 0.7054  DiceLoss: 0.7855  Kidney: 0.2787  Tumour: 0.0599  Cyst: 0.6083  Mean: 0.3156
09:09:57    Train Debug → max_bg_prob: 0.8181  |  max_fg_prob: 1.0000
09:09:57    Train Debug → soft_dice_per_class: c0: 0.6652  c1: 0.1730  c2: 0.0208  c3: 0.0003
09:09:57    Train Debug → avg intersect  : c0: 512341.67  c1: 14135.52  c2: 2530.44  c3: 31.52
09:09:57    Train Debug → avg cardinality: c0: 1540504.83  c1: 155730.20  c2: 212503.11  c3: 188413.86
09:09:57    Val   → Kidney: 0.1696  Tumour: 0.0300  Cyst: 0.3334  Mean: 0.1777
09:09:57    No improvement 1/35 (best=0.2098)
09:09:57  
============================================================
Epoch 6/100  LR: 9.94e-05
09:13:19    Train → Loss: 0.7552  CE: 0.6372  DiceLoss: 0.7684  Kidney: 0.3210  Tumour: 0.0631  Cyst: 0.6375  Mean: 0.3405
09:13:19    Train Debug → max_bg_prob: 0.8344  |  max_fg_prob: 1.0000
09:13:19    Train Debug → soft_dice_per_class: c0: 0.6904  c1: 0.2066  c2: 0.0208  c3: 0.0003
09:13:19    Train Debug → avg intersect  : c0: 541624.03  c1: 15627.80  c2: 2424.00  c3: 29.73
09:13:19    Train Debug → avg cardinality: c0: 1568963.53  c1: 142755.66  c2: 202182.30  c3: 183250.51
09:13:19    Val   → Kidney: 0.1171  Tumour: 0.0212  Cyst: 0.4500  Mean: 0.1961
09:13:20    No improvement 2/35 (best=0.2098)
09:13:20  
============================================================
Epoch 7/100  LR: 9.91e-05
09:16:40    Train → Loss: 0.7703  CE: 0.6130  DiceLoss: 0.7878  Kidney: 0.3353  Tumour: 0.0616  Cyst: 0.7000  Mean: 0.3656
09:16:40    Train Debug → max_bg_prob: 0.8610  |  max_fg_prob: 1.0000
09:16:40    Train Debug → soft_dice_per_class: c0: 0.7129  c1: 0.2258  c2: 0.0220  c3: 0.0003
09:16:40    Train Debug → avg intersect  : c0: 569009.74  c1: 15428.50  c2: 2520.19  c3: 26.46
09:16:40    Train Debug → avg cardinality: c0: 1596284.22  c1: 129180.15  c2: 192270.89  c3: 179416.74
09:16:40    Val   → Kidney: 0.1700  Tumour: 0.0308  Cyst: 0.4667  Mean: 0.2225
09:16:42    ✓ Best model saved (val_mean_dice=0.2225)
09:16:42  
============================================================
Epoch 8/100  LR: 9.88e-05
09:20:06    Train → Loss: 0.7530  CE: 0.5600  DiceLoss: 0.7744  Kidney: 0.3709  Tumour: 0.0770  Cyst: 0.6458  Mean: 0.3646
09:20:06    Train Debug → max_bg_prob: 0.8738  |  max_fg_prob: 1.0000
09:20:06    Train Debug → soft_dice_per_class: c0: 0.7373  c1: 0.2688  c2: 0.0272  c3: 0.0002
09:20:06    Train Debug → avg intersect  : c0: 598806.38  c1: 16654.20  c2: 2929.47  c3: 17.39
09:20:06    Train Debug → avg cardinality: c0: 1624388.36  c1: 116208.75  c2: 183325.06  c3: 173229.84
09:20:06    Val   → Kidney: 0.2112  Tumour: 0.0376  Cyst: 0.4667  Mean: 0.2385
09:20:08    ✓ Best model saved (val_mean_dice=0.2385)
09:20:08  
============================================================
Epoch 9/100  LR: 9.84e-05
